$T,1,0,-1,,,,1621,563,739,1207,0*58
$T,2,0,0,,,,1621,563,739,1204,0*74
$T,2,0,0,,,,1621,563,739,1206,0*76
[OK]hb
$T,2,0,0,,,,1621,563,739,1209,0*79
$T,2,0,0,,,,1621,563,739,1209,0*79
[OK]hb
$T,2,0,0,,,,1621,563,739,1204,0*74
$T,2,0,0,,,,1621,563,739,1205,0*75
$T,1,0,0,,,,1621,563,739,1208,0*7B
[OK]hb
$T,2,0,0,,,,1621,563,739,1206,0*76
$T,1,0,0,,,,1621,563,739,1206,0*75
[OK]hb
$T,1,0,0,,,,1621,563,739,1203,0*70
$T,1,0,0,,,,1621,563,739,1203,0*70
$T,2,0,0,,,,1621,563,739,1203,0*73
[OK]hb
$T,2,0,0,,,,1621,563,739,1204,0*74
$T,1,0,0,,,,1621,563,739,1205,0*76
[OK]hb
$T,1,-1,-1,,,,1621,563,739,1208,0*7B
$T,2,0,0,,,,1621,563,739,1204,0*74
$T,1,0,0,,,,1621,563,739,1204,0*77
[OK]hb
$T,1,-1,-1,,,,1621,563,739,1204,0*77
$T,1,0,0,,,,1621,563,739,1206,0*75
[OK]hb
$T,1,0,0,,,,1621,563,739,1206,0*75
$T,1,0,0,,,,1621,563,739,1206,0*75
$T,2,0,0,,,,1621,563,739,1206,0*76
[OK]hb
