[CTRL] depth_valid=1 depth=0.000 vz=-0.000 az=0.000 target_valid=0 target=0.000 pid=0.000 mask_valid=1 mask=0
$T,0,0,0,,,,1624,554,956,1192,0*7C
[CTRL] depth_valid=1 depth=0.000 vz=-0.000 az=0.000 target_valid=0 target=0.000 pid=0.000 mask_valid=1 mask=0
[CTRL] depth_valid=1 depth=0.000 vz=-0.000 az=0.000 target_valid=0 target=0.000 pid=0.000 mask_valid=1 mask=0
$T,0,0,0,,,,1624,554,956,1194,0*7A
[CTRL] depth_valid=1 depth=0.000 vz=-0.000 az=0.000 target_valid=0 target=0.000 pid=0.000 mask_valid=1 mask=0
Forward started.
[OK]w#27[ACK] w#27

<- Minima: FWD 
[CTRL] depth_valid=1 depth=0.000 vz=-0.000 az=0.000 target_valid=0 target=0.000 pid=0.000 mask_valid=1 mask=6
$T,0,0,0,,,,1624,554,957,1190,1*7E
[OK]hb
[CTRL] depth_valid=1 depth=0.000 vz=-0.000 az=0.000 target_valid=0 target=0.000 pid=0.000 mask_valid=1 mask=0
[CTRL] depth_valid=1 depth=0.000 vz=-0.000 az=0.000 target_valid=0 target=0.000 pid=0.000 mask_valid=1 mask=6
$T,0,0,0,,,,1625,554,975,1190,1*7F
[CTRL] depth_valid=1 depth=0.000 vz=-0.000 az=0.000 target_valid=0 target=0.000 pid=0.000 mask_valid=1 mask=6
Forward stop: pressure balance in progress...
[OK]w#28[ACK] w#28

[CTRL] depth_valid=1 depth=0.000 vz=-0.000 az=0.000 target_valid=0 target=0.000 pid=0.000 mask_valid=1 mask=4
$T,0,0,0,8,,,1625,554,970,1190,1*42
<- Minima: IDLE
[CTRL] depth_valid=1 depth=0.000 vz=-0.000 az=0.000 target_valid=0 target=0.000 pid=0.000 mask_valid=1 mask=0
[OK]hb
[CTRL] depth_valid=1 depth=0.000 vz=-0.000 az=0.000 target_valid=0 target=0.000 pid=0.000 mask_valid=1 mask=0
$T,0,0,0,,,,1624,554,970,1193,0*79
[CTRL] depth_valid=1 depth=0.000 vz=-0.000 az=0.000 target_valid=0 target=0.000 pid=0.000 mask_valid=1 mask=0
[CTRL] depth_valid=1 depth=0.000 vz=-0.000 az=0.000 target_valid=0 target=0.000 pid=0.000 mask_valid=1 mask=0
$T,0,0,0,,,,212,677,28,1194,0*78
[CTRL] depth_valid=1 depth=0.000 vz=-0.000 az=0.000 target_valid=0 target=0.000 pid=0.000 mask_valid=1 mask=0
[CTRL] depth_valid=1 depth=0.000 vz=-0.000 az=0.000 target_valid=0 target=0.000 pid=0.000 mask_valid=1 mask=0
$T,0,0,0,,,,524,864,816,1194,0*43
[OK]hb
[CTRL] depth_valid=1 depth=0.000 vz=-0.000 az=0.000 target_valid=0 target=0.000 pid=0.000 mask_valid=1 mask=0
[CTRL] depth_valid=1 depth=0.000 vz=-0.000 az=0.000 target_valid=0 target=0.000 pid=0.000 mask_valid=1 mask=0
$T,0,0,0,227,74,25,871,854,1130,1189,0*4E
[CTRL] depth_valid=1 depth=1.511 vz=1.014 az=-0.076 target_valid=0 target=0.000 pid=0.000 mask_valid=1 mask=0
[CTRL] depth_valid=1 depth=1.232 vz=-0.370 az=-0.630 target_valid=0 target=0.000 pid=0.000 mask_valid=1 mask=0
$T,12,-3,-6,228,75,24,707,874,971,1191,0*4E
[CTRL] depth_valid=1 depth=1.772 vz=0.098 az=-0.255 target_valid=0 target=0.000 pid=0.000 mask_valid=1 mask=0
[CTRL] depth_valid=1 depth=1.741 vz=-0.620 az=-0.843 target_valid=0 target=0.000 pid=0.000 mask_valid=1 mask=0
$T,17,-6,-8,,75,24,1335,813,1635,1190,0*72
[OK]hb
[CTRL] depth_valid=1 depth=0.907 vz=-0.258 az=0.670 target_valid=0 target=0.000 pid=0.000 mask_valid=1 mask=0
[CTRL] depth_valid=1 depth=1.676 vz=0.129 az=-0.365 target_valid=0 target=0.000 pid=0.000 mask_valid=1 mask=0
$T,16,1,-3,,76,23,1583,708,-1705,1191,0*76
[CTRL] depth_valid=1 depth=7.987 vz=10.800 az=8.289 target_valid=0 target=0.000 pid=0.000 mask_valid=1 mask=0
[CTRL] depth_valid=1 depth=11.033 vz=-0.414 az=-6.392 target_valid=0 target=0.000 pid=0.000 mask_valid=1 mask=0
$T,110,-4,-63,226,23,78,1229,-883,-1069,1192,0*4F
[CTRL] depth_valid=1 depth=9.918 vz=-1.189 az=-1.323 target_valid=0 target=0.000 pid=0.000 mask_valid=1 mask=0
[OK]hb
[CTRL] depth_valid=1 depth=10.478 vz=0.512 az=0.483 target_valid=0 target=0.000 pid=0.000 mask_valid=1 mask=0
$T,105,4,4,226,31,68,83,-810,122,1192,0*63
[CTRL] depth_valid=1 depth=10.725 vz=0.067 az=-0.289 target_valid=0 target=0.000 pid=0.000 mask_valid=1 mask=0
[CTRL] depth_valid=1 depth=10.262 vz=-0.575 az=-0.398 target_valid=0 target=0.000 pid=0.000 mask_valid=1 mask=0
$T,102,-4,-2,227,30,70,-11,-815,222,1193,0*4A
[CTRL] depth_valid=1 depth=10.690 vz=0.553 az=0.495 target_valid=0 target=0.000 pid=0.000 mask_valid=1 mask=0
[CTRL] depth_valid=1 depth=10.490 vz=-0.386 az=-0.476 target_valid=0 target=0.000 pid=0.000 mask_valid=1 mask=0
$T,104,-3,-4,228,30,70,30,-811,184,1194,0*60
[OK]hb
[CTRL] depth_valid=1 depth=10.506 vz=0.187 az=0.326 target_valid=0 target=0.000 pid=0.000 mask_valid=1 mask=0
[CTRL] depth_valid=1 depth=10.730 vz=0.135 az=-0.055 target_valid=0 target=0.000 pid=0.000 mask_valid=1 mask=0
$T,107,1,0,228,30,70,93,-808,122,1199,0*65
[CTRL] depth_valid=1 depth=10.481 vz=-0.242 az=-0.148 target_valid=0 target=0.000 pid=0.000 mask_valid=1 mask=0
[CTRL] depth_valid=1 depth=10.689 vz=0.381 az=0.389 target_valid=0 target=0.000 pid=0.000 mask_valid=1 mask=0
$T,107,3,3,229,30,69,103,-810,113,1198,0*5F
Target depth set to 5.0 cm
[OK]l5#29
Target depth set to 10.0 cm
[OK]l10#30
[OK]hb
Target depth set to 10.0 cm
[OK]l10#31[ACK] l10#31

[CTRL] depth_valid=1 depth=10.694 vz=-0.002 az=-0.092 target_valid=1 target=10.000 pid=100.000 mask_valid=1 mask=0
<- Minima: BUOY 
[CTRL] depth_valid=1 depth=10.697 vz=0.084 az=0.103 target_valid=1 target=10.000 pid=-68.050 mask_valid=1 mask=384
$T,106,0,1,229,31,69,-86,-807,316,1198,4*4A
Target depth set to 15.0 cm
[OK]l15#32
Target depth set to 20.0 cm
[OK]l20#33[ACK] l20#33

[CTRL] depth_valid=1 depth=10.472 vz=-0.467 az=-0.439 target_valid=1 target=20.000 pid=100.000 mask_valid=1 mask=0
[CTRL] depth_valid=1 depth=10.873 vz=0.473 az=0.389 target_valid=1 target=20.000 pid=100.000 mask_valid=1 mask=0
$T,109,5,4,231,32,69,-267,-791,516,1192,4*7E
[CTRL] depth_valid=1 depth=11.703 vz=0.995 az=0.441 target_valid=1 target=20.000 pid=100.000 mask_valid=1 mask=0
[CTRL] depth_valid=1 depth=13.155 vz=2.080 az=1.071 target_valid=1 target=20.000 pid=-100.000 mask_valid=1 mask=384
$T,133,22,11,234,32,33,-541,-738,795,1193,4*74
[OK]hb
[CTRL] depth_valid=1 depth=16.360 vz=3.276 az=0.657 target_valid=1 target=20.000 pid=-100.000 mask_valid=1 mask=384
Target depth set to 25.0 cm
[OK]l25#34[ACK] l25#34

Target depth set to 30.0 cm
[OK]l30#35[ACK] l30#35

[CTRL] depth_valid=1 depth=15.125 vz=-2.679 az=-3.611 target_valid=1 target=30.000 pid=100.000 mask_valid=1 mask=0
$T,148,-31,-37,232,33,70,-463,-754,711,1193,4*79
[CTRL] depth_valid=1 depth=13.487 vz=-1.405 az=0.214 target_valid=1 target=30.000 pid=100.000 mask_valid=1 mask=0
[CTRL] depth_valid=1 depth=14.986 vz=2.233 az=2.195 target_valid=1 target=30.000 pid=100.000 mask_valid=1 mask=0
$T,151,23,21,,34,62,-594,-714,839,1192,4*4B
[CTRL] depth_valid=1 depth=18.849 vz=5.468 az=3.042 target_valid=1 target=30.000 pid=-46.463 mask_valid=1 mask=384
[OK]hb
[CTRL] depth_valid=1 depth=23.162 vz=3.708 az=-0.821 target_valid=1 target=30.000 pid=-85.104 mask_valid=1 mask=384
$T,232,31,-13,234,35,67,-356,-789,605,1190,4*5C
<- Minima: IDLE
[CTRL] depth_valid=1 depth=24.314 vz=0.731 az=-1.660 target_valid=1 target=30.000 pid=100.000 mask_valid=1 mask=0
<- Minima: BUOY 
[CTRL] depth_valid=1 depth=27.023 vz=2.823 az=0.702 target_valid=1 target=30.000 pid=-100.000 mask_valid=1 mask=384
$T,272,28,6,,35,65,-389,-792,627,1191,4*77
[CTRL] depth_valid=1 depth=29.108 vz=1.724 az=-0.653 target_valid=1 target=30.000 pid=-100.000 mask_valid=1 mask=384
<- Minima: IDLE
[CTRL] depth_valid=1 depth=29.350 vz=-0.647 az=-1.854 target_valid=1 target=30.000 pid=100.000 mask_valid=1 mask=0
$T,293,-6,-17,235,37,65,-318,-791,551,1193,0*4D
<- Minima: BUOY 
[OK]hb
[CTRL] depth_valid=1 depth=29.326 vz=0.238 az=0.375 target_valid=1 target=30.000 pid=-10.336 mask_valid=1 mask=384
[CTRL] depth_valid=1 depth=34.435 vz=6.748 az=4.172 target_valid=1 target=30.000 pid=-100.000 mask_valid=1 mask=384
$T,349,68,39,233,37,64,-164,-808,405,1193,4*7A
[CTRL] depth_valid=1 depth=39.393 vz=4.234 az=-0.732 target_valid=1 target=30.000 pid=-100.000 mask_valid=1 mask=384
[CTRL] depth_valid=1 depth=42.968 vz=3.331 az=-0.710 target_valid=1 target=30.000 pid=-100.000 mask_valid=1 mask=384
$T,429,33,-7,235,37,64,-49,-813,298,1193,4*55
[CTRL] depth_valid=1 depth=45.580 vz=1.870 az=-1.411 target_valid=1 target=30.000 pid=-100.000 mask_valid=1 mask=384
[OK]hb
[CTRL] depth_valid=1 depth=47.071 vz=1.165 az=-0.784 target_valid=1 target=30.000 pid=-100.000 mask_valid=1 mask=384
$T,472,12,-6,235,37,64,42,-813,207,1193,4*79
[CTRL] depth_valid=1 depth=47.794 vz=0.008 az=-1.248 target_valid=1 target=30.000 pid=-100.000 mask_valid=1 mask=384
[CTRL] depth_valid=1 depth=46.855 vz=-1.517 az=-1.270 target_valid=1 target=30.000 pid=-100.000 mask_valid=1 mask=384
$T,468,-15,-12,234,38,65,153,-807,94,1197,4*6A
[CTRL] depth_valid=1 depth=44.696 vz=-3.047 az=-1.590 target_valid=1 target=30.000 pid=100.000 mask_valid=1 mask=0
<- Minima: IDLE
<- Minima: BUOY 
[CTRL] depth_valid=1 depth=40.850 vz=-4.164 az=-0.928 target_valid=1 target=30.000 pid=91.362 mask_valid=1 mask=0
$T,406,-38,-5,232,37,64,-273,-804,506,1196,4*43
[OK]hb
[CTRL] depth_valid=1 depth=40.014 vz=0.273 az=2.672 target_valid=1 target=30.000 pid=-100.000 mask_valid=1 mask=384
[CTRL] depth_valid=1 depth=38.716 vz=-1.780 az=-0.889 target_valid=1 target=30.000 pid=100.000 mask_valid=1 mask=0
$T,384,-20,-11,232,37,65,262,-802,-19,1196,4*4E
<- Minima: IDLE
<- Minima: BUOY 
[CTRL] depth_valid=1 depth=34.593 vz=-4.954 az=-2.087 target_valid=1 target=30.000 pid=100.000 mask_valid=1 mask=0
Forward started.
[OK]w#36[ACK] w#36

<- Minima: FWD BUOY 
[CTRL] depth_valid=1 depth=32.575 vz=-1.321 az=1.848 target_valid=1 target=30.000 pid=44.118 mask_valid=1 mask=6
$T,326,-7,23,233,37,63,-201,-813,424,1193,5*63
[CTRL] depth_valid=1 depth=32.588 vz=0.478 az=1.320 target_valid=1 target=30.000 pid=-100.000 mask_valid=1 mask=384
[OK]hb
[CTRL] depth_valid=1 depth=31.457 vz=-1.973 az=-1.537 target_valid=1 target=30.000 pid=100.000 mask_valid=1 mask=0
$T,310,-26,-21,228,38,65,258,-792,-70,1193,5*46
[CTRL] depth_valid=1 depth=27.710 vz=-4.285 az=-1.620 target_valid=1 target=30.000 pid=100.000 mask_valid=1 mask=6
[CTRL] depth_valid=1 depth=26.825 vz=-0.103 az=2.242 target_valid=1 target=30.000 pid=100.000 mask_valid=1 mask=6
$T,267,0,21,224,37,64,-359,-801,489,1190,5*45
[CTRL] depth_valid=1 depth=27.849 vz=2.133 az=2.279 target_valid=1 target=30.000 pid=-100.000 mask_valid=1 mask=384
EMERGENCY STOP: global pressure balance started (5s), commands locked.
[OK]s#37[ACK] s#37

<- Minima: FWD TURN BUOY 
[CTRL] depth_valid=1 depth=29.671 vz=1.733 az=0.131 target_valid=0 target=0.000 pid=0.000 mask_valid=1 mask=130
$T,296,17,1,218,37,65,-13,-806,65,1192,7*4D
[OK]hb
[CTRL] depth_valid=1 depth=30.005 vz=0.096 az=-0.838 target_valid=0 target=0.000 pid=0.000 mask_valid=1 mask=130
[CTRL] depth_valid=1 depth=32.667 vz=3.334 az=1.774 target_valid=0 target=0.000 pid=0.000 mask_valid=1 mask=130
$T,329,34,17,217,39,65,-53,-802,25,1196,7*7F
[CTRL] depth_valid=1 depth=35.142 vz=2.637 az=0.103 target_valid=0 target=0.000 pid=0.000 mask_valid=1 mask=130
[CTRL] depth_valid=1 depth=40.248 vz=5.857 az=2.126 target_valid=0 target=0.000 pid=0.000 mask_valid=1 mask=130
$T,402,58,21,,39,,-127,-801,41,1196,7*7A
Global balance complete. System ready.
Ascending...
[OK]k#38[ACK] k#38

<- Minima: BUOY 
 target_valid=0 target=0.000 pid=-100.000 mask_valid=1 mask=384
[CTRL] depth_valid=1 depth=53.076 vz=7.468 az=0.911 target_valid=0 target=0.000 pid=-100.000 mask_valid=1 mask=384
$T,536,72,6,,,,146,-797,-241,1194,4*7F
[CTRL] depth_valid=1 depth=58.361 vz=4.687 az=-1.538 target_valid=0 target=0.000 pid=-100.000 mask_valid=1 mask=384
[CTRL] depth_valid=1 depth=63.408 vz=4.992 az=-0.249 target_valid=0 target=0.000 pid=-100.000 mask_valid=1 mask=384
$T,638,51,0,,,,220,-794,-298,1194,4*71
[CTRL] depth_valid=1 depth=67.797 vz=3.822 az=-1.070 target_valid=0 target=0.000 pid=-100.000 mask_valid=1 mask=384
[CTRL] depth_valid=1 depth=72.482 vz=4.855 az=0.384 target_valid=0 target=0.000 pid=-100.000 mask_valid=1 mask=384
$T,728,48,3,209,47,,286,-788,-351,1197,4*44
[OK]hb
[CTRL] depth_valid=1 depth=77.393 vz=4.337 az=-0.428 target_valid=0 target=0.000 pid=-100.000 mask_valid=1 mask=384
[CTRL] depth_valid=1 depth=76.228 vz=-3.911 az=-5.887 target_valid=0 target=0.000 pid=-100.000 mask_valid=1 mask=384
$T,759,-42,-57,206,43,,260,-756,-315,1191,4*7F
[CTRL] depth_valid=1 depth=74.193 vz=-2.901 az=-1.220 target_valid=0 target=0.000 pid=-100.000 mask_valid=1 mask=384
[CTRL] depth_valid=1 depth=73.053 vz=-1.062 az=0.675 target_valid=0 target=0.000 pid=-100.000 mask_valid=1 mask=384
$T,729,-9,7,206,45,,363,-754,-419,1198,4*5B
[CTRL] depth_valid=1 depth=71.974 vz=-1.096 az=-0.027 target_valid=0 target=0.000 pid=-100.000 mask_valid=1 mask=384
[OK]hb
[CTRL] depth_valid=1 depth=70.512 vz=-1.823 az=-0.625 target_valid=0 target=0.000 pid=-100.000 mask_valid=1 mask=384
$T,705,-18,-6,208,46,59,454,-743,-511,1198,4*44
[CTRL] depth_valid=1 depth=68.180 vz=-2.946 az=-1.072 target_valid=0 target=0.000 pid=-100.000 mask_valid=1 mask=384
[CTRL] depth_valid=1 depth=64.373 vz=-4.675 az=-1.563 target_valid=0 target=0.000 pid=-100.000 mask_valid=1 mask=384
$T,639,-49,-17,,46,58,522,-731,-583,1196,4*45
[CTRL] depth_valid=1 depth=58.091 vz=-7.617 az=-2.550 target_valid=0 target=0.000 pid=-100.000 mask_valid=1 mask=384
Ascend stopped.
[OK]k#39[ACK] k#39

<- Minima: IDLE
[CTRL] depth_valid=1 depth=48.761 vz=-9.914 az=-2.156 target_valid=0 target=0.000 pid=0.000 mask_valid=1 mask=0
$T,487,-99,-21,,46,59,477,-744,-571,1195,0*42
[OK]hb
[CTRL] depth_valid=1 depth=40.070 vz=-8.789 az=0.135 target_valid=0 target=0.000 pid=0.000 mask_valid=1 mask=0
[CTRL] depth_valid=1 depth=31.386 vz=-8.957 az=-0.278 target_valid=0 target=0.000 pid=0.000 mask_valid=1 mask=0
$T,306,-90,-3,,,,485,-748,-663,1195,0*7A
[CTRL] depth_valid=1 depth=21.632 vz=-10.439 az=-1.102 target_valid=0 target=0.000 pid=0.000 mask_valid=1 mask=0
[CTRL] depth_valid=1 depth=10.812 vz=-11.512 az=-0.981 target_valid=0 target=0.000 pid=0.000 mask_valid=1 mask=0
$T,99,-112,-6,,,,160,-791,-593,1192,0*70
[CTRL] depth_valid=1 depth=13.020 vz=8.495 az=12.845 target_valid=0 target=0.000 pid=0.000 mask_valid=1 mask=0
[OK]hb
[CTRL] depth_valid=1 depth=13.259 vz=-0.465 az=-2.446 target_valid=0 target=0.000 pid=0.000 mask_valid=1 mask=0
$T,132,-4,-24,,,,157,-801,-685,1191,0*73
[CTRL] depth_valid=1 depth=9.601 vz=-3.364 az=-1.170 target_valid=0 target=0.000 pid=0.000 mask_valid=1 mask=0
[CTRL] depth_valid=1 depth=12.209 vz=2.875 az=2.577 target_valid=0 target=0.000 pid=0.000 mask_valid=1 mask=0
$T,122,25,19,58,,59,479,-720,-1060,1192,0*74
[CTRL] depth_valid=1 depth=11.518 vz=-1.646 az=-2.383 target_valid=0 target=0.000 pid=0.000 mask_valid=1 mask=0
[CTRL] depth_valid=1 depth=10.486 vz=-0.473 az=0.640 target_valid=0 target=0.000 pid=0.000 mask_valid=1 mask=0
$T,105,0,10,57,,55,155,-797,-797,1190,0*77
[OK]hb
[CTRL] depth_valid=1 depth=11.748 vz=1.874 az=1.624 target_valid=0 target=0.000 pid=0.000 mask_valid=1 mask=0
[CTRL] depth_valid=1 depth=11.144 vz=-1.357 az=-1.665 target_valid=0 target=0.000 pid=0.000 mask_valid=1 mask=0
$T,111,-13,-16,56,,52,239,-792,-927,1192,0*4B
[CTRL] depth_valid=1 depth=10.482 vz=-0.491 az=0.291 target_valid=0 target=0.000 pid=0.000 mask_valid=1 mask=0
[CTRL] depth_valid=1 depth=11.673 vz=1.325 az=0.875 target_valid=0 target=0.000 pid=0.000 mask_valid=1 mask=0
$T,116,11,5,56,,50,397,-759,-1089,1193,0*41
[CTRL] depth_valid=1 depth=11.008 vz=-1.195 az=-1.376 target_valid=0 target=0.000 pid=0.000 mask_valid=1 mask=0
[OK]hb
[CTRL] depth_valid=1 depth=10.712 vz=0.152 az=0.761 target_valid=0 target=0.000 pid=0.000 mask_valid=1 mask=0
$T,107,3,9,56,,48,248,-796,-943,1191,0*4B
[CTRL] depth_valid=1 depth=11.512 vz=0.866 az=0.460 target_valid=0 target=0.000 pid=0.000 mask_valid=1 mask=0
[CTRL] depth_valid=1 depth=10.806 vz=-1.209 az=-1.214 target_valid=0 target=0.000 pid=0.000 mask_valid=1 mask=0
$T,107,-12,-11,55,,47,190,-802,-884,1193,0*42
[CTRL] depth_valid=1 depth=10.832 vz=0.289 az=0.636 target_valid=0 target=0.000 pid=0.000 mask_valid=1 mask=0
[CTRL] depth_valid=1 depth=12.371 vz=1.569 az=0.590 target_valid=0 target=0.000 pid=0.000 mask_valid=1 mask=0
$T,123,15,5,58,,46,358,-770,-396,1193,0*7E
[OK]hb
[CTRL] depth_valid=1 depth=11.640 vz=-1.251 az=-1.550 target_valid=0 target=0.000 pid=0.000 mask_valid=1 mask=0
[CTRL] depth_valid=1 depth=10.092 vz=-0.986 az=0.455 target_valid=0 target=0.000 pid=0.000 mask_valid=1 mask=0
$T,102,-3,10,251,28,74,152,-826,240,1193,0*40
[CTRL] depth_valid=1 depth=11.888 vz=2.139 az=1.653 target_valid=0 target=0.000 pid=0.000 mask_valid=1 mask=0
[CTRL] depth_valid=1 depth=10.870 vz=-1.870 az=-2.151 target_valid=0 target=0.000 pid=0.000 mask_valid=1 mask=0
$T,107,-19,-20,,29,74,223,-810,394,1193,0*6F
[CTRL] depth_valid=1 depth=10.625 vz=0.427 az=1.192 target_valid=0 target=0.000 pid=0.000 mask_valid=1 mask=0
[OK]hb
[CTRL] depth_valid=1 depth=11.705 vz=1.083 az=0.431 target_valid=0 target=0.000 pid=0.000 mask_valid=1 mask=0
$T,116,8,1,,,,369,-787,444,1193,0*60
[CTRL] depth_valid=1 depth=10.612 vz=-1.469 az=-1.290 target_valid=0 target=0.000 pid=0.000 mask_valid=1 mask=0
[CTRL] depth_valid=1 depth=10.819 vz=0.718 az=1.187 target_valid=0 target=0.000 pid=0.000 mask_valid=1 mask=0
$T,109,9,13,14,61,,270,-796,691,1193,0*5D
[CTRL] depth_valid=1 depth=11.390 vz=0.321 az=-0.220 target_valid=0 target=0.000 pid=0.000 mask_valid=1 mask=0
[CTRL] depth_valid=1 depth=10.541 vz=-1.150 az=-0.873 target_valid=0 target=0.000 pid=0.000 mask_valid=1 mask=0
$T,105,-10,-6,9,61,,136,-802,930,1193,0*66
[OK]hb
[CTRL] depth_valid=1 depth=11.115 vz=0.928 az=0.996 target_valid=0 target=0.000 pid=0.000 mask_valid=1 mask=0
[CTRL] depth_valid=1 depth=11.209 vz=-0.157 az=-0.530 target_valid=0 target=0.000 pid=0.000 mask_valid=1 mask=0
$T,111,-3,-7,7,63,224,230,-790,918,1193,0*63
[CTRL] depth_valid=1 depth=10.601 vz=-0.561 az=-0.186 target_valid=0 target=0.000 pid=0.000 mask_valid=1 mask=0
[CTRL] depth_valid=1 depth=11.148 vz=0.790 az=0.743 target_valid=0 target=0.000 pid=0.000 mask_valid=1 mask=0
$T,112,8,7,8,64,,269,-789,962,1197,0*5A
[CTRL] depth_valid=1 depth=10.307 vz=-2.021 az=-2.088 target_valid=0 target=0.000 pid=0.000 mask_valid=1 mask=0
[CTRL] depth_valid=1 depth=9.034 vz=-2.280 az=-1.532 target_valid=0 target=0.000 pid=0.000 mask_valid=1 mask=0
$T,84,-35,-26,136,63,,1700,-25,-1515,1191,0*7E
[OK]hb
[CTRL] depth_valid=1 depth=1.464 vz=-8.981 az=-4.253 target_valid=0 target=0.000 pid=0.000 mask_valid=1 mask=0
[CTRL] depth_valid=1 depth=2.445 vz=4.850 az=8.506 target_valid=0 target=0.000 pid=0.000 mask_valid=1 mask=0
$T,28,54,83,229,,32,1325,852,1674,1191,0*46
[CTRL] depth_valid=1 depth=0.298 vz=-2.169 az=-1.382 target_valid=0 target=0.000 pid=0.000 mask_valid=1 mask=0
[CTRL] depth_valid=1 depth=4.366 vz=3.235 az=1.148 target_valid=0 target=0.000 pid=0.000 mask_valid=1 mask=0
$T,44,29,7,219,78,19,-1182,457,-1130,1192,0*7D
[OK]hb
[CTRL] depth_valid=1 depth=4.876 vz=-1.447 az=-3.575 target_valid=0 target=0.000 pid=0.000 mask_valid=1 mask=0
[CTRL] depth_valid=1 depth=4.217 vz=-0.900 az=-0.545 target_valid=0 target=0.000 pid=0.000 mask_valid=1 mask=0
$T,40,-12,-8,,,,-1383,230,-1535,1192,0*46
[CTRL] depth_valid=1 depth=5.101 vz=3.257 az=3.638 target_valid=0 target=0.000 pid=0.000 mask_valid=1 mask=0
[CTRL] depth_valid=1 depth=5.392 vz=1.509 az=0.901 target_valid=0 target=0.000 pid=0.000 mask_valid=1 mask=0
$T,54,13,6,,,,-1565,111,1740,1191,0*6C
[CTRL] depth_valid=1 depth=6.535 vz=1.091 az=-0.145 target_valid=0 target=0.000 pid=0.000 mask_valid=1 mask=0
[CTRL] depth_valid=1 depth=-0.748 vz=-12.223 az=-9.665 target_valid=0 target=0.000 pid=0.000 mask_valid=1 mask=0
$T,-10,-110,-76,,,,-1088,-39,1562,1191,0*56
[OK]hb
[CTRL] depth_valid=1 depth=0.049 vz=1.578 az=4.918 target_valid=0 target=0.000 pid=0.000 mask_valid=1 mask=0
[CTRL] depth_valid=1 depth=0.168 vz=0.989 az=1.402 target_valid=0 target=0.000 pid=0.000 mask_valid=1 mask=0
$T,1,8,11,,,,-1107,-27,1519,1192,0*44
[CTRL] depth_valid=1 depth=0.011 vz=-0.002 az=-0.066 target_valid=0 target=0.000 pid=0.000 mask_valid=1 mask=0
[CTRL] depth_valid=1 depth=-0.004 vz=-0.027 az=-0.033 target_valid=0 target=0.000 pid=0.000 mask_valid=1 mask=0
$T,0,0,0,,,,-1046,436,-1212,1193,0*40
[CTRL] depth_valid=1 depth=-0.000 vz=0.001 az=0.004 target_valid=0 target=0.000 pid=0.000 mask_valid=1 mask=0
[OK]hb
[CTRL] depth_valid=1 depth=0.000 vz=0.001 az=0.001 target_valid=0 target=0.000 pid=0.000 mask_valid=1 mask=0
$T,0,0,0,,,,-978,147,-1194,1193,0*7B
[CTRL] depth_valid=1 depth=0.000 vz=-0.000 az=-0.000 target_valid=0 target=0.000 pid=0.000 mask_valid=1 mask=0
[CTRL] depth_valid=1 depth=-0.000 vz=-0.000 az=-0.000 target_valid=0 target=0.000 pid=0.000 mask_valid=1 mask=0
$T,0,0,0,,,,-978,187,-1164,1193,0*78
[CTRL] depth_valid=1 depth=-0.000 vz=0.000 az=0.000 target_valid=0 target=0.000 pid=0.000 mask_valid=1 mask=0
[CTRL] depth_valid=1 depth=0.000 vz=0.000 az=0.000 target_valid=0 target=0.000 pid=0.000 mask_valid=1 mask=0
$T,0,0,0,,,,-957,92,-1131,1194,0*47
[OK]hb
[CTRL] depth_valid=1 depth=-0.000 vz=-0.000 az=-0.000 target_valid=0 target=0.000 pid=0.000 mask_valid=1 mask=0
[CTRL] depth_valid=1 depth=-0.000 vz=-0.000 az=-0.000 target_valid=0 target=0.000 pid=0.000 mask_valid=1 mask=0
$T,0,0,0,,,,-1467,357,-1499,1195,0*44
[CTRL] depth_valid=1 depth=0.000 vz=0.000 az=0.000 target_valid=0 target=0.000 pid=0.000 mask_valid=1 mask=0
[CTRL] depth_valid=1 depth=0.000 vz=0.000 az=0.000 target_valid=0 target=0.000 pid=0.000 mask_valid=1 mask=0
$T,0,0,0,,,,1799,675,1137,1196,0*41
[CTRL] depth_valid=1 depth=-0.000 vz=-0.000 az=-0.000 target_valid=0 target=0.000 pid=0.000 mask_valid=1 mask=0
[OK]hb
[CTRL] depth_valid=1 depth=-0.000 vz=-0.000 az=-0.000 target_valid=0 target=0.000 pid=0.000 mask_valid=1 mask=0
$T,0,0,0,,,,1633,553,1026,1201,0*4B
[CTRL] depth_valid=1 depth=0.000 vz=0.000 az=0.000 target_valid=0 target=0.000 pid=0.000 mask_valid=1 mask=0
[CTRL] depth_valid=1 depth=0.000 vz=0.000 az=0.000 target_valid=0 target=0.000 pid=0.000 mask_valid=1 mask=0
$T,0,0,0,,,,1641,553,1032,1201,0*4B
[CTRL] depth_valid=1 depth=-0.000 vz=-0.000 az=-0.000 target_valid=0 target=0.000 pid=0.000 mask_valid=1 mask=0
[OK]hb
[CTRL] depth_valid=1 depth=-0.000 vz=-0.000 az=-0.000 target_valid=0 target=0.000 pid=0.000 mask_valid=1 mask=0
$T,0,0,0,,,,1642,553,1032,1192,0*41
[CTRL] depth_valid=1 depth=-0.000 vz=0.000 az=0.000 target_valid=0 target=0.000 pid=0.000 mask_valid=1 mask=0
[CTRL] depth_valid=1 depth=0.000 vz=0.000 az=0.000 target_valid=0 target=0.000 pid=0.000 mask_valid=1 mask=0
$T,0,0,0,,,,1643,553,1033,1193,0*40
[CTRL] depth_valid=1 depth=-0.000 vz=-0.000 az=-0.000 target_valid=0 target=0.000 pid=0.000 mask_valid=1 mask=0
[CTRL] depth_valid=1 depth=-0.000 vz=-0.000 az=-0.000 target_valid=0 target=0.000 pid=0.000 mask_valid=1 mask=0
$T,0,0,0,,,,1643,553,1033,1196,0*45
[CTRL] depth_valid=1 depth=0.000 vz=0.000 az=0.000 target_valid=0 target=0.000 pid=0.000 mask_valid=1 mask=0
[OK]hb
[CTRL] depth_valid=1 depth=0.000 vz=0.000 az=0.000 target_valid=0 target=0.000 pid=0.000 mask_valid=1 mask=0
$T,0,0,0,,,,1643,554,1033,1194,0*40
[CTRL] depth_valid=1 depth=-0.000 vz=-0.000 az=-0.000 target_valid=0 target=0.000 pid=0.000 mask_valid=1 mask=0
[CTRL] depth_valid=1 depth=-0.000 vz=-0.000 az=-0.000 target_valid=0 target=0.000 pid=0.000 mask_valid=1 mask=0
$T,0,0,0,,,,1643,554,1033,1190,0*44
[CTRL] depth_valid=1 depth=0.000 vz=0.000 az=0.000 target_valid=0 target=0.000 pid=0.000 mask_valid=1 mask=0
[CTRL] depth_valid=1 depth=0.000 vz=0.000 az=0.000 target_valid=0 target=0.000 pid=0.000 mask_valid=1 mask=0
$T,0,0,0,,,,1643,553,1033,1191,0*42
[OK]hb
[CTRL] depth_valid=1 depth=-0.000 vz=-0.000 az=-0.000 target_valid=0 target=0.000 pid=0.000 mask_valid=1 mask=0
[CTRL] depth_valid=1 depth=-0.000 vz=-0.000 az=-0.000 target_valid=0 target=0.000 pid=0.000 mask_valid=1 mask=0
$T,0,0,0,,,,1643,554,1033,1191,0*45
[CTRL] depth_valid=1 depth=0.000 vz=0.000 az=0.000 target_valid=0 target=0.000 pid=0.000 mask_valid=1 mask=0
[CTRL] depth_valid=1 depth=0.000 vz=0.000 az=0.000 target_valid=0 target=0.000 pid=0.000 mask_valid=1 mask=0
$T,0,0,0,,,,1643,554,1033,1195,0*41
[CTRL] depth_valid=1 depth=-0.000 vz=-0.000 az=-0.000 target_valid=0 target=0.000 pid=0.000 mask_valid=1 mask=0
[OK]hb
[CTRL] depth_valid=1 depth=-0.000 vz=-0.000 az=-0.000 target_valid=0 target=0.000 pid=0.000 mask_valid=1 mask=0
$T,0,0,0,,,,1643,554,1033,1195,0*41
[CTRL] depth_valid=1 depth=0.000 vz=0.000 az=0.000 target_valid=0 target=0.000 pid=0.000 mask_valid=1 mask=0
[CTRL] depth_valid=1 depth=0.000 vz=0.000 az=0.000 target_valid=0 target=0.000 pid=0.000 mask_valid=1 mask=0
$T,0,0,0,,,,1643,554,1033,1192,0*46
[CTRL] depth_valid=1 depth=-0.000 vz=-0.000 az=-0.000 target_valid=0 target=0.000 pid=0.000 mask_valid=1 mask=0
[CTRL] depth_valid=1 depth=-0.000 vz=-0.000 az=0.000 target_valid=0 target=0.000 pid=0.000 mask_valid=1 mask=0
$T,0,0,0,,,,1668,556,1056,1193,0*4F
[OK]hb
[CTRL] depth_valid=1 depth=0.000 vz=0.000 az=0.000 target_valid=0 target=0.000 pid=0.000 mask_valid=1 mask=0
[CTRL] depth_valid=1 depth=0.000 vz=0.000 az=-0.000 target_valid=0 target=0.000 pid=0.000 mask_valid=1 mask=0
$T,0,0,0,,,,1644,554,1044,1196,0*45
[CTRL] depth_valid=1 depth=-0.000 vz=-0.000 az=-0.000 target_valid=0 target=0.000 pid=0.000 mask_valid=1 mask=0
[CTRL] depth_valid=1 depth=-0.000 vz=-0.000 az=0.000 target_valid=0 target=0.000 pid=0.000 mask_valid=1 mask=0
$T,0,0,0,,,,1644,554,1044,1194,0*47
[CTRL] depth_valid=1 depth=0.000 vz=0.000 az=0.000 target_valid=0 target=0.000 pid=0.000 mask_valid=1 mask=0
[OK]hb
[CTRL] depth_valid=1 depth=0.000 vz=0.000 az=-0.000 target_valid=0 target=0.000 pid=0.000 mask_valid=1 mask=0
$T,0,0,0,,,,1644,554,1044,1194,0*47
[CTRL] depth_valid=1 depth=-0.000 vz=-0.000 az=-0.000 target_valid=0 target=0.000 pid=0.000 mask_valid=1 mask=0
[CTRL] depth_valid=1 depth=-0.000 vz=-0.000 az=0.000 target_valid=0 target=0.000 pid=0.000 mask_valid=1 mask=0
$T,0,0,0,,,,1644,554,1044,1192,0*41
[CTRL] depth_valid=1 depth=0.000 vz=0.000 az=0.000 target_valid=0 target=0.000 pid=0.000 mask_valid=1 mask=0
[OK]hb
[CTRL] depth_valid=1 depth=0.000 vz=-0.000 az=-0.000 target_valid=0 target=0.000 pid=0.000 mask_valid=1 mask=0
$T,0,0,0,,,,1644,554,1044,1195,0*46
[CTRL] depth_valid=1 depth=-0.000 vz=-0.000 az=-0.000 target_valid=0 target=0.000 pid=0.000 mask_valid=1 mask=0
[CTRL] depth_valid=1 depth=-0.000 vz=0.000 az=0.000 target_valid=0 target=0.000 pid=0.000 mask_valid=1 mask=0
$T,0,0,0,,,,1644,554,1044,1195,0*46
[CTRL] depth_valid=1 depth=0.000 vz=0.000 az=0.000 target_valid=0 target=0.000 pid=0.000 mask_valid=1 mask=0
[CTRL] depth_valid=1 depth=0.000 vz=-0.000 az=-0.000 target_valid=0 target=0.000 pid=0.000 mask_valid=1 mask=0
$T,0,0,0,,,,1644,554,1044,1195,0*46
[OK]hb
[CTRL] depth_valid=1 depth=-0.000 vz=-0.000 az=-0.000 target_valid=0 target=0.000 pid=0.000 mask_valid=1 mask=0
[CTRL] depth_valid=1 depth=-0.000 vz=0.000 az=0.000 target_valid=0 target=0.000 pid=0.000 mask_valid=1 mask=0
$T,0,0,0,,,,1644,554,1044,1194,0*47
[CTRL] depth_valid=1 depth=0.000 vz=0.000 az=0.000 target_valid=0 target=0.000 pid=0.000 mask_valid=1 mask=0
[CTRL] depth_valid=1 depth=0.000 vz=-0.000 az=-0.000 target_valid=0 target=0.000 pid=0.000 mask_valid=1 mask=0
$T,0,0,0,,,,1644,554,1044,1194,0*47
[CTRL] depth_valid=1 depth=-0.000 vz=-0.000 az=-0.000 target_valid=0 target=0.000 pid=0.000 mask_valid=1 mask=0
[OK]hb
[CTRL] depth_valid=1 depth=0.000 vz=0.000 az=0.000 target_valid=0 target=0.000 pid=0.000 mask_valid=1 mask=0
$T,0,0,0,,,,1644,554,1044,1200,0*49
[CTRL] depth_valid=1 depth=0.000 vz=0.000 az=0.000 target_valid=0 target=0.000 pid=0.000 mask_valid=1 mask=0
[CTRL] depth_valid=1 depth=0.000 vz=-0.000 az=-0.000 target_valid=0 target=0.000 pid=0.000 mask_valid=1 mask=0
$T,0,0,0,,,,1644,554,1044,1194,0*47
[CTRL] depth_valid=1 depth=-0.000 vz=-0.000 az=-0.000 target_valid=0 target=0.000 pid=0.000 mask_valid=1 mask=0
[CTRL] depth_valid=1 depth=0.000 vz=-0.000 az=-0.000 target_valid=0 target=0.000 pid=0.000 mask_valid=1 mask=0
$T,0,0,0,,,,1644,554,1044,1195,0*46
[OK]hb
[CTRL] depth_valid=1 depth=0.000 vz=-0.000 az=-0.000 target_valid=0 target=0.000 pid=0.000 mask_valid=1 mask=0
[CTRL] depth_valid=1 depth=0.000 vz=-0.000 az=-0.000 target_valid=0 target=0.000 pid=0.000 mask_valid=1 mask=0
$T,0,0,0,,,,1644,554,1044,1198,0*4B
[CTRL] depth_valid=1 depth=0.000 vz=-0.000 az=-0.000 target_valid=0 target=0.000 pid=0.000 mask_valid=1 mask=0
[CTRL] depth_valid=1 depth=0.000 vz=-0.000 az=-0.000 target_valid=0 target=0.000 pid=0.000 mask_valid=1 mask=0
$T,0,0,0,,,,1644,554,1044,1198,0*4B
[CTRL] depth_valid=1 depth=0.000 vz=-0.000 az=-0.000 target_valid=0 target=0.000 pid=0.000 mask_valid=1 mask=0
[OK]hb
[CTRL] depth_valid=1 depth=0.000 vz=-0.000 az=-0.000 target_valid=0 target=0.000 pid=0.000 mask_valid=1 mask=0
$T,0,0,0,,,,1644,554,1044,1195,0*46
[CTRL] depth_valid=1 depth=0.000 vz=-0.000 az=-0.000 target_valid=0 target=0.000 pid=0.000 mask_valid=1 mask=0
[CTRL] depth_valid=1 depth=0.000 vz=-0.000 az=-0.000 target_valid=0 target=0.000 pid=0.000 mask_valid=1 mask=0
$T,0,0,0,,,,1644,554,1044,1192,0*41
[CTRL] depth_valid=1 depth=0.000 vz=-0.000 az=-0.000 target_valid=0 target=0.000 pid=0.000 mask_valid=1 mask=0
[CTRL] depth_valid=1 depth=0.000 vz=-0.000 az=-0.000 target_valid=0 target=0.000 pid=0.000 mask_valid=1 mask=0
$T,0,0,0,,,,1644,554,1044,1194,0*47
[CTRL] depth_valid=1 depth=0.000 vz=-0.000 az=-0.000 target_valid=0 target=0.000 pid=0.000 mask_valid=1 mask=0
[OK]hb
[CTRL] depth_valid=1 depth=0.000 vz=-0.000 az=-0.000 target_valid=0 target=0.000 pid=0.000 mask_valid=1 mask=0
$T,0,0,0,,,,1644,554,1044,1194,0*47
[CTRL] depth_valid=1 depth=0.000 vz=-0.000 az=-0.000 target_valid=0 target=0.000 pid=0.000 mask_valid=1 mask=0
[CTRL] depth_valid=1 depth=0.000 vz=-0.000 az=-0.000 target_valid=0 target=0.000 pid=0.000 mask_valid=1 mask=0
$T,0,0,0,,,,1644,554,1044,1194,0*47
[CTRL] depth_valid=1 depth=0.000 vz=-0.000 az=-0.000 target_valid=0 target=0.000 pid=0.000 mask_valid=1 mask=0
[CTRL] depth_valid=1 depth=0.000 vz=-0.000 az=-0.000 target_valid=0 target=0.000 pid=0.000 mask_valid=1 mask=0
$T,0,0,0,,,,1644,554,1044,1193,0*40
[OK]hb
[CTRL] depth_valid=1 depth=0.000 vz=-0.000 az=-0.000 target_valid=0 target=0.000 pid=0.000 mask_valid=1 mask=0
[CTRL] depth_valid=1 depth=0.000 vz=-0.000 az=-0.000 target_valid=0 target=0.000 pid=0.000 mask_valid=1 mask=0
$T,0,0,0,,,,1644,554,1044,1196,0*45
[CTRL] depth_valid=1 depth=0.000 vz=-0.000 az=-0.000 target_valid=0 target=0.000 pid=0.000 mask_valid=1 mask=0
[CTRL] depth_valid=1 depth=0.000 vz=-0.000 az=-0.000 target_valid=0 target=0.000 pid=0.000 mask_valid=1 mask=0
$T,0,0,0,,,,1644,554,1044,1196,0*45
[OK]hb
[CTRL] depth_valid=1 depth=0.000 vz=-0.000 az=-0.000 target_valid=0 target=0.000 pid=0.000 mask_valid=1 mask=0
[CTRL] depth_valid=1 depth=0.000 vz=-0.000 az=-0.000 target_valid=0 target=0.000 pid=0.000 mask_valid=1 mask=0
$T,0,0,0,,,,1644,554,1044,1194,0*47
[CTRL] depth_valid=1 depth=0.000 vz=-0.000 az=-0.000 target_valid=0 target=0.000 pid=0.000 mask_valid=1 mask=0
[CTRL] depth_valid=1 depth=0.000 vz=-0.000 az=-0.000 target_valid=0 target=0.000 pid=0.000 mask_valid=1 mask=0
$T,0,0,0,,,,1644,554,1044,1191,0*42
[CTRL] depth_valid=1 depth=0.000 vz=-0.000 az=-0.000 target_valid=0 target=0.000 pid=0.000 mask_valid=1 mask=0
[CTRL] depth_valid=1 depth=0.000 vz=-0.000 az=-0.000 target_valid=0 target=0.000 pid=0.000 mask_valid=1 mask=0
$T,0,0,0,,,,1650,552,1092,1193,0*48
[OK]hb
[CTRL] depth_valid=1 depth=0.000 vz=-0.000 az=-0.000 target_valid=0 target=0.000 pid=0.000 mask_valid=1 mask=0
[CTRL] depth_valid=1 depth=0.000 vz=-0.000 az=-0.000 target_valid=0 target=0.000 pid=0.000 mask_valid=1 mask=0
$T,0,0,0,,,,1648,554,1091,1193,0*44
[CTRL] depth_valid=1 depth=0.000 vz=-0.000 az=-0.000 target_valid=0 target=0.000 pid=0.000 mask_valid=1 mask=0
[CTRL] depth_valid=1 depth=0.000 vz=-0.000 az=-0.000 target_valid=0 target=0.000 pid=0.000 mask_valid=1 mask=0
$T,0,0,0,,,,1648,554,1091,1193,0*44
[CTRL] depth_valid=1 depth=0.000 vz=-0.000 az=-0.000 target_valid=0 target=0.000 pid=0.000 mask_valid=1 mask=0
[OK]hb
[CTRL] depth_valid=1 depth=0.000 vz=-0.000 az=-0.000 target_valid=0 target=0.000 pid=0.000 mask_valid=1 mask=0
$T,0,0,0,,,,1648,554,1091,1191,0*46
[CTRL] depth_valid=1 depth=0.000 vz=-0.000 az=-0.000 target_valid=0 target=0.000 pid=0.000 mask_valid=1 mask=0
[CTRL] depth_valid=1 depth=0.000 vz=-0.000 az=-0.000 target_valid=0 target=0.000 pid=0.000 mask_valid=1 mask=0
$T,0,0,0,,,,1648,554,1091,1195,0*42
[CTRL] depth_valid=1 depth=0.000 vz=-0.000 az=-0.000 target_valid=0 target=0.000 pid=0.000 mask_valid=1 mask=0
[CTRL] depth_valid=1 depth=0.000 vz=-0.000 az=-0.000 target_valid=0 target=0.000 pid=0.000 mask_valid=1 mask=0
[OK]hb
$T,0,0,0,,,,1648,554,1091,1200,0*4D
[CTRL] depth_valid=1 depth=0.000 vz=-0.000 az=-0.000 target_valid=0 target=0.000 pid=0.000 mask_valid=1 mask=0
[CTRL] depth_valid=1 depth=0.000 vz=-0.000 az=-0.000 target_valid=0 target=0.000 pid=0.000 mask_valid=1 mask=0
$T,0,0,0,,,,1648,554,1091,1192,0*45
[CTRL] depth_valid=1 depth=0.000 vz=-0.000 az=-0.000 target_valid=0 target=0.000 pid=0.000 mask_valid=1 mask=0
[CTRL] depth_valid=1 depth=0.000 vz=-0.000 az=-0.000 target_valid=0 target=0.000 pid=0.000 mask_valid=1 mask=0
$T,0,0,0,,,,1648,554,1091,1196,0*41
[OK]hb
[CTRL] depth_valid=1 depth=0.000 vz=-0.000 az=-0.000 target_valid=0 target=0.000 pid=0.000 mask_valid=1 mask=0
[CTRL] depth_valid=1 depth=0.000 vz=-0.000 az=-0.000 target_valid=0 target=0.000 pid=0.000 mask_valid=1 mask=0
$T,0,0,0,,,,1648,554,1091,1192,0*45
[CTRL] depth_valid=1 depth=0.000 vz=-0.000 az=-0.000 target_valid=0 target=0.000 pid=0.000 mask_valid=1 mask=0
[CTRL] depth_valid=1 depth=0.000 vz=-0.000 az=-0.000 target_valid=0 target=0.000 pid=0.000 mask_valid=1 mask=0
$T,0,0,0,,,,1648,554,1091,1191,0*46
[CTRL] depth_valid=1 depth=0.000 vz=-0.000 az=-0.000 target_valid=0 target=0.000 pid=0.000 mask_valid=1 mask=0
