
[BRIDGE]SQUID-HC12-BRIDGE v2.0
$$T,0,0,0,,,,1632,559,877,1201,0*7D
$T,0,0,0,,,,1632,559,877,1201,0*7D
$T,0,0,0,,,,1632,559,877,1200,0*7C
[OK]hb
$T,0,0,0,,,,1632,559,877,1203,0*7F
$T,0,0,0,,,,1632,559,877,1203,0*7F
$T,0,0,0,,,,1632,559,877,1201,0*7D
[OK]hb
$T,0,0,0,,,,1632,559,877,1203,0*7F
$T,0,0,0,,,8,1632,559,877,1205,0*41
[OK]hb
$T,0,0,0,,,,1632,559,877,1206,0*7A
$T,0,0,0,,,,1632,559,877,1204,0*78
$T,0,0,0,,
9,8$T,0,0,0,,8,,1632,559,877,1205,0*41
$T,0,0,0,,,,1632,559,877,1205,0*79
[OK]hb
$T,0,0,0,,,,1632,559,877,1201,0*7D
$T,0,0,0,,,,1632,559,877,1199,0*7F
Forward started.
[OK]w#1[ACK] w#1

$T,0,0,0,,,,1632,559,869,1203,0*70
<- Minima: FWD 
[OK]hb
$T,0,0,0,,,,1631,559,852,1199,1*7A
EMERGENCY STOP: global pressure balance started (5s), commands locked.
[OK]s#2[ACK] s#2

$T,0,0,0,,,,1632,559,850,1204,1*7C
<- Minima: FWD TURN BUOY 
[OK]hb
$T,0,0,0,,,,1632,559,841,1204,7*7A
Commands locked: pressure balance in progress.
[OK]a#3[ACK] a#3

$T,0,0,0,,,,1632,559,838,1201,7*71
Global balance complete. System ready.
<- Minima: IDLE
$T,0,0,0,,,,1632,559,837,1202,0*7A
[OK]hb
$T,0,0,0,,,,1632,559,837,1203,0*7B
[OK]a#4[ACK] a#4

<- Minima: TURN 
$T,0,0,0,,,,1632,559,837,1203,2*79
<- Minima: IDLE
[OK]d#5[ACK] d#5

[OK]hb
<- Minima: TURN 
$T,0,0,0,,,,1632,560,836,1203,2*72
<- Minima: IDLE
$T,0,0,0,,,,1632,559,835,1202,0*78
$T,0,0,0,,,,1632,559,835,1199,0*79
[OK]hb
$T,0,0,0,,,,1632,559,835,1205,0*7F
$T,0,0,0,,,,1632,559,835,1205,0*7F
[OK]hb
$T,0,0,0,,,,1632,559,835,1203,0*79
$T,0,0,0,,,,1632,559,835,1206,0*7C
$T,0,0,0,,,,1632,559,835,1206,0*7C
[OK]hb
$T,0,0,0,,,,1632,559,835,1208,0*72
$T,0,0,0,,,,1632,559,835,1208,0*72

$T,0,0,0,,,,1632,559,835,1204,0*7E
$T,0,0,0,,,,1632,559,835,1203,0*79
[OK]hb
$T,0,0,0,,,,1632,559,835,1204,0*7E
$T,0,0,0,,,,1632,559,835,1204,0*7E
[OK]hb
$T,0,0,0,,,,1632,559,835,1203,0*79
$T,0,0,0,,,,1632,559,835,1204,0*7E
$T,0,0,0,,,,1632,559,835,1203,0*79
[OK]hb
$T,0,0,0,,,,1632,559,835,1206,0*7C
$T,0,0,0,,,,1632,559,835,1206,0*7C
[OK]hb
$T,0,0,0,,,,1632,559,835,1207,0*7D
$T,0,0,0,,,,1632,559,835,1203,0*79
$T,0,0,0,,,,1632,559,835,1202,0*78
[OK]hb
$T,0,0,0,,,,1632,559,835,1202,0*78
$T,0,0,0,,,,1632,559,835,1203,0*79
[OK]hb
$T,0,0,0,,,,1632,559,835,1204,0*7E
$T,0,0,0,,,,1632,559,835,1203,0*79
$T,0,0,0,,,,1632,559,835,1205,0*7F
[OK]hb
$T,0,0,0,,,,1632,559,835,1207,0*7D
$T,0,0,0,,,,1632,559,835,1207,0*7D
[OK]hb
$T,0,0,0,,,,1632,559,835,1204,0*7E
$T,0,0,0,,,,1632,559,835,1204,0*7E
$T,0,0,0,,,,1632,559,835,1204,0*7E
[OK]hb
$T,0,0,0,,,,1632,559,835,1203,0*79
$T,0,0,0,,,,1632,559,835,1206,0*7C
[OK]hb
$T,0,0,0,,,,1632,559,835,1206,0*7C
$T,0,0,0,,,,1632,559,835,1204,0*7E
$T,0,0,0,,,,1632,559,835,1204,0*7E
[OK]hb
$T,0,0,0,,,,1632,559,835,1204,0*7E
$T,0,0,0,,,,1632,559,835,1201,0*7B
[OK]hb
$T,0,0,0,,,,1632,559,835,1203,0*79
$T,0,0,0,,,,1632,559,835,1205,0*7F
$T,0,0,0,,,,1632,559,835,1204,0*7E
[OK]hb
$T,0,0,0,,,,1632,559,835,1203,0*79
$T,0,0,0,,,,1632,559,835,1206,0*7C
[OK]hb
$T,0,0,0,,,,1632,559,835,1206,0*7C
$T,0,0,0,,,,1632,559,835,1209,0*73
$T,0,0,0,,,,1632,559,835,1201,0*7B
[OK]hb
$T,0,0,0,,,,1632,559,835,1203,0*79
$T,0,0,0,,,,1632,559,835,1203,0*79
