EMERGENCY STOP: global pressure balance started (5s), commands locked.
[OK]s#68[ACK] s#68

[CTRL] depth_valid=1 depth=11.602 vz=0.053 az=0.102 target_valid=0 target=0.000 pid=0.000 pid_base=0.000 buoyancy_pwm=0 mask_valid=1 mask=128 forward_active=0
<- Minima: FWD TURN BUOY 
[CTRL] depth_valid=1 depth=11.711 vz=0.168 az=0.105 target_valid=0 target=0.000 pid=0.000 pid_base=0.000 buoyancy_pwm=0 mask_valid=1 mask=258 forward_active=0
[CTRL] depth_valid=1 depth=11.707 vz=0.014 az=-0.078 target_valid=0 target=0.000 pid=0.000 pid_base=0.000 buoyancy_pwm=0 mask_valid=1 mask=132 forward_active=0
$T,117,0,0,,,100,905,-871,-891,1203,7*7B
[CTRL] depth_valid=1 depth=11.628 vz=-0.209 az=-0.260 target_valid=0 target=0.000 pid=0.000 pid_base=0.000 buoyancy_pwm=0 mask_valid=1 mask=258 forward_active=0
[CTRL] depth_valid=1 depth=11.518 vz=-0.328 az=-0.281 target_valid=0 target=0.000 pid=0.000 pid_base=0.000 buoyancy_pwm=0 mask_valid=1 mask=132 forward_active=0
[CTRL] depth_valid=1 depth=11.590 vz=-0.012 az=0.061 target_valid=0 target=0.000 pid=0.000 pid_base=0.000 buoyancy_pwm=0 mask_valid=1 mask=258 forward_active=0
[CTRL] depth_valid=1 depth=11.631 vz=0.076 az=0.095 target_valid=0 target=0.000 pid=0.000 pid_base=0.000 buoyancy_pwm=0 mask_valid=1 mask=132 forward_active=0
$T,116,1,1,,,101,892,-866,-875,1199,7*78
[CTRL] depth_valid=1 depth=11.746 vz=0.191 az=0.117 target_valid=0 target=0.000 pid=0.000 pid_base=0.000 buoyancy_pwm=0 mask_valid=1 mask=258 forward_active=0
[CTRL] depth_valid=1 depth=11.671 vz=-0.151 az=-0.254 target_valid=0 target=0.000 pid=0.000 pid_base=0.000 buoyancy_pwm=0 mask_valid=1 mask=132 forward_active=0
[CTRL] depth_valid=1 depth=11.577 vz=-0.234 az=-0.203 target_valid=0 target=0.000 pid=0.000 pid_base=0.000 buoyancy_pwm=0 mask_valid=1 mask=258 forward_active=0
Global balance complete. System ready.
[OK]hb
[CTRL] depth_valid=1 depth=11.647 vz=0.055 az=0.114 target_valid=0 target=0.000 pid=0.000 pid_base=0.000 buoyancy_pwm=0 mask_valid=1 mask=4 forward_active=0
$T,116,0,0,,,101,943,-870,-926,1204,7*72
<- Minima: IDLE
[CTRL] depth_valid=1 depth=11.673 vz=0.097 az=0.107 target_valid=0 target=0.000 pid=0.000 pid_base=0.000 buoyancy_pwm=0 mask_valid=1 mask=0 forward_active=0
[CTRL] depth_valid=1 depth=11.734 vz=0.134 az=0.082 target_valid=0 target=0.000 pid=0.000 pid_base=0.000 buoyancy_pwm=0 mask_valid=1 mask=0 forward_active=0
Target depth set to 30.0 cm
[OK]l30#69[ACK] l30#69

<- Minima: BUOY 
[CTRL] depth_valid=1 depth=11.689 vz=-0.071 az=-0.136 target_valid=1 target=30.000 pid=80.000 pid_base=80.000 buoyancy_pwm=217 mask_valid=1 mask=0 forward_active=0
[CTRL] depth_valid=1 depth=11.749 vz=0.049 az=0.004 target_valid=1 target=30.000 pid=80.000 pid_base=80.000 buoyancy_pwm=217 mask_valid=1 mask=0 forward_active=0
$T,117,0,0,,,102,1176,-888,-1160,1214,4*71
[CTRL] depth_valid=1 depth=11.780 vz=-0.031 az=-0.134 target_valid=1 target=30.000 pid=80.000 pid_base=80.000 buoyancy_pwm=217 mask_valid=1 mask=0 forward_active=0
[CTRL] depth_valid=1 depth=11.695 vz=-0.198 az=-0.217 target_valid=1 target=30.000 pid=80.000 pid_base=80.000 buoyancy_pwm=217 mask_valid=1 mask=0 forward_active=0
[CTRL] depth_valid=1 depth=11.651 vz=-0.184 az=-0.139 target_valid=1 target=30.000 pid=80.000 pid_base=80.000 buoyancy_pwm=217 mask_valid=1 mask=0 forward_active=0
[CTRL] depth_valid=1 depth=11.545 vz=-0.259 az=-0.150 target_valid=1 target=30.000 pid=80.000 pid_base=80.000 buoyancy_pwm=217 mask_valid=1 mask=0 forward_active=0
$T,115,-2,-1,,,,-887,-864,906,1214,4*4E
[CTRL] depth_valid=1 depth=11.534 vz=-0.092 az=0.038 target_valid=1 target=30.000 pid=80.000 pid_base=80.000 buoyancy_pwm=217 mask_valid=1 mask=0 forward_active=0
[CTRL] depth_valid=1 depth=11.611 vz=0.169 az=0.251 target_valid=1 target=30.000 pid=80.000 pid_base=80.000 buoyancy_pwm=217 mask_valid=1 mask=0 forward_active=0
[OK]hb
[CTRL] depth_valid=1 depth=11.747 vz=0.335 az=0.284 target_valid=1 target=30.000 pid=80.000 pid_base=80.000 buoyancy_pwm=217 mask_valid=1 mask=0 forward_active=0
[CTRL] depth_valid=1 depth=12.057 vz=0.644 az=0.400 target_valid=1 target=30.000 pid=80.000 pid_base=80.000 buoyancy_pwm=217 mask_valid=1 mask=0 forward_active=0
$T,120,5,2,,,,-898,-784,917,1207,4*41
[CTRL] depth_valid=1 depth=12.425 vz=0.889 az=0.471 target_valid=1 target=30.000 pid=80.000 pid_base=80.000 buoyancy_pwm=217 mask_valid=1 mask=0 forward_active=0
[CTRL] depth_valid=1 depth=13.035 vz=1.360 az=0.691 target_valid=1 target=30.000 pid=80.000 pid_base=80.000 buoyancy_pwm=217 mask_valid=1 mask=0 forward_active=0
[CTRL] depth_valid=1 depth=13.868 vz=1.811 az=0.762 target_valid=1 target=30.000 pid=80.000 pid_base=80.000 buoyancy_pwm=217 mask_valid=1 mask=0 forward_active=0
[CTRL] depth_valid=1 depth=15.033 vz=2.500 az=1.019 target_valid=1 target=30.000 pid=-80.000 pid_base=-80.000 buoyancy_pwm=217 mask_valid=1 mask=384 forward_active=0
$T,152,25,9,,,8,-893,-750,907,1203,4*42
[CTRL] depth_valid=1 depth=16.578 vz=3.330 az=1.287 target_valid=1 target=30.000 pid=-80.000 pid_base=-80.000 buoyancy_pwm=217 mask_valid=1 mask=384 forward_active=0
[CTRL] depth_valid=1 depth=18.154 vz=3.420 az=0.770 target_valid=1 target=30.000 pid=-80.000 pid_base=-80.000 buoyancy_pwm=217 mask_valid=1 mask=384 forward_active=0
[CTRL] depth_valid=1 depth=19.105 vz=2.048 az=-0.797 target_valid=1 target=30.000 pid=-80.000 pid_base=-80.000 buoyancy_pwm=217 mask_valid=1 mask=384 forward_active=0
[CTRL] depth_valid=1 depth=18.952 vz=-0.393 az=-2.508 target_valid=1 target=30.000 pid=100.000 pid_base=80.000 buoyancy_pwm=255 mask_valid=1 mask=0 forward_active=0
[OK]hb
$T,187,-8,-28,,,11,-827,-816,834,1203,4*7D
[CTRL] depth_valid=1 depth=18.098 vz=-2.231 az=-2.956 target_valid=1 target=30.000 pid=95.000 pid_base=80.000 buoyancy_pwm=245 mask_valid=1 mask=0 forward_active=0
[CTRL] depth_valid=1 depth=17.225 vz=-2.308 az=-1.617 target_valid=1 target=30.000 pid=78.500 pid_base=80.000 buoyancy_pwm=214 mask_valid=1 mask=0 forward_active=0
[CTRL] depth_valid=1 depth=17.524 vz=0.093 az=1.115 target_valid=1 target=30.000 pid=69.500 pid_base=80.000 buoyancy_pwm=197 mask_valid=1 mask=0 forward_active=0
[CTRL] depth_valid=1 depth=18.633 vz=2.279 az=2.394 target_valid=1 target=30.000 pid=-61.250 pid_base=-80.000 buoyancy_pwm=181 mask_valid=1 mask=384 forward_active=0
$T,188,24,24,,,,-744,-791,742,1200,4*47
[CTRL] depth_valid=1 depth=19.772 vz=2.743 az=1.667 target_valid=1 target=30.000 pid=-60.000 pid_base=-80.000 buoyancy_pwm=179 mask_valid=1 mask=384 forward_active=0
<- Minima: IDLE
[CTRL] depth_valid=1 depth=20.278 vz=1.461 az=-0.157 target_valid=1 target=30.000 pid=87.500 pid_base=80.000 buoyancy_pwm=231 mask_valid=1 mask=0 forward_active=0
<- Minima: BUOY 
[CTRL] depth_valid=1 depth=20.366 vz=0.175 az=-1.186 target_valid=1 target=30.000 pid=74.000 pid_base=80.000 buoyancy_pwm=206 mask_valid=1 mask=0 forward_active=0
[CTRL] depth_valid=1 depth=20.041 vz=-0.865 az=-1.520 target_valid=1 target=30.000 pid=68.250 pid_base=80.000 buoyancy_pwm=195 mask_valid=1 mask=0 forward_active=0
$T,199,-9,-14,,,,-764,-761,752,1205,4*72
[CTRL] depth_valid=1 depth=19.978 vz=-0.472 az=-0.489 target_valid=1 target=30.000 pid=64.250 pid_base=80.000 buoyancy_pwm=187 mask_valid=1 mask=0 forward_active=0
[CTRL] depth_valid=1 depth=20.755 vz=1.365 az=1.287 target_valid=1 target=30.000 pid=-65.000 pid_base=-80.000 buoyancy_pwm=188 mask_valid=1 mask=384 forward_active=0
[OK]hb
[CTRL] depth_valid=1 depth=22.471 vz=3.581 az=2.543 target_valid=1 target=30.000 pid=-60.000 pid_base=-80.000 buoyancy_pwm=179 mask_valid=1 mask=384 forward_active=0
[CTRL] depth_valid=1 depth=24.362 vz=4.258 az=1.923 target_valid=1 target=30.000 pid=-60.750 pid_base=-80.000 buoyancy_pwm=180 mask_valid=1 mask=384 forward_active=0
$T,246,41,16,,,,-647,-827,633,1205,4*46
[CTRL] depth_valid=1 depth=25.437 vz=2.607 az=-0.373 target_valid=1 target=30.000 pid=-25.059 pid_base=-45.059 buoyancy_pwm=112 mask_valid=1 mask=384 forward_active=0
<- Minima: IDLE
[CTRL] depth_valid=1 depth=25.833 vz=0.781 az=-1.747 target_valid=1 target=30.000 pid=82.250 pid_base=80.000 buoyancy_pwm=221 mask_valid=1 mask=0 forward_active=0
<- Minima: BUOY 
[CTRL] depth_valid=1 depth=25.872 vz=-0.313 az=-1.911 target_valid=1 target=30.000 pid=61.000 pid_base=80.000 buoyancy_pwm=181 mask_valid=1 mask=0 forward_active=0
[CTRL] depth_valid=1 depth=26.298 vz=0.337 az=-0.530 target_valid=1 target=30.000 pid=60.000 pid_base=80.000 buoyancy_pwm=179 mask_valid=1 mask=0 forward_active=0
$T,263,4,-3,,,18,-756,-770,739,1204,4*66
[CTRL] depth_valid=1 depth=27.227 vz=1.686 az=0.849 target_valid=1 target=30.000 pid=-51.622 pid_base=-51.122 buoyancy_pwm=163 mask_valid=1 mask=384 forward_active=0
[CTRL] depth_valid=1 depth=28.738 vz=3.084 az=1.596 target_valid=1 target=30.000 pid=-67.500 pid_base=-80.000 buoyancy_pwm=193 mask_valid=1 mask=384 forward_active=0
[CTRL] depth_valid=1 depth=30.555 vz=3.892 az=1.511 target_valid=1 target=30.000 pid=-73.000 pid_base=-80.000 buoyancy_pwm=204 mask_valid=1 mask=384 forward_active=0
[CTRL] depth_valid=1 depth=31.810 vz=2.832 az=-0.111 target_valid=1 target=30.000 pid=-69.000 pid_base=-80.000 buoyancy_pwm=196 mask_valid=1 mask=384 forward_active=0
[OK]hb
$T,318,23,-5,,,23,-530,-831,514,1206,4*57
[CTRL] depth_valid=1 depth=32.309 vz=1.041 az=-1.582 target_valid=1 target=30.000 pid=-63.000 pid_base=-80.000 buoyancy_pwm=185 mask_valid=1 mask=384 forward_active=0
[CTRL] depth_valid=1 depth=32.430 vz=-0.136 az=-1.913 target_valid=1 target=30.000 pid=-17.940 pid_base=-37.940 buoyancy_pwm=99 mask_valid=1 mask=384 forward_active=0
[CTRL] depth_valid=1 depth=32.360 vz=-0.620 az=-1.505 target_valid=1 target=30.000 pid=-17.506 pid_base=-37.506 buoyancy_pwm=98 mask_valid=1 mask=384 forward_active=0
<- Minima: IDLE
[CTRL] depth_valid=1 depth=31.898 vz=-1.469 az=-1.704 target_valid=1 target=30.000 pid=26.106 pid_base=14.856 buoyancy_pwm=114 mask_valid=1 mask=0 forward_active=0
$T,316,-18,-19,,,,-267,-855,256,1206,0*42
<- Minima: BUOY 
[CTRL] depth_valid=1 depth=30.474 vz=-3.244 az=-2.494 target_valid=1 target=30.000 pid=76.250 pid_base=80.000 buoyancy_pwm=210 mask_valid=1 mask=0 forward_active=0
[CTRL] depth_valid=1 depth=28.848 vz=-3.801 az=-1.848 target_valid=1 target=30.000 pid=63.250 pid_base=80.000 buoyancy_pwm=185 mask_valid=1 mask=0 forward_active=0
[CTRL] depth_valid=1 depth=28.084 vz=-2.016 az=0.503 target_valid=1 target=30.000 pid=49.953 pid_base=63.703 buoyancy_pwm=160 mask_valid=1 mask=0 forward_active=0
[CTRL] depth_valid=1 depth=28.383 vz=0.594 az=2.467 target_valid=1 target=30.000 pid=14.395 pid_base=25.145 buoyancy_pwm=92 mask_valid=1 mask=0 forward_active=0
$T,284,8,24,,,23,-670,-798,651,1206,4*7D
[CTRL] depth_valid=1 depth=29.267 vz=2.283 az=2.793 target_valid=1 target=30.000 pid=-73.750 pid_base=-80.000 buoyancy_pwm=205 mask_valid=1 mask=384 forward_active=0
<- Minima: IDLE
[CTRL] depth_valid=1 depth=30.159 vz=2.441 az=1.687 target_valid=1 target=30.000 pid=0.000 pid_base=0.000 buoyancy_pwm=0 mask_valid=1 mask=0 forward_active=0
[OK]hb
<- Minima: BUOY 
[CTRL] depth_valid=1 depth=31.034 vz=2.198 az=0.755 target_valid=1 target=30.000 pid=-62.250 pid_base=-80.000 buoyancy_pwm=183 mask_valid=1 mask=384 forward_active=0
[CTRL] depth_valid=1 depth=31.787 vz=1.724 az=0.026 target_valid=1 target=30.000 pid=-69.250 pid_base=-80.000 buoyancy_pwm=197 mask_valid=1 mask=384 forward_active=0
$T,320,17,0,,,24,-723,-836,711,1206,4*74
[CTRL] depth_valid=1 depth=32.341 vz=1.043 az=-0.660 target_valid=1 target=30.000 pid=-69.250 pid_base=-80.000 buoyancy_pwm=197 mask_valid=1 mask=384 forward_active=0
[CTRL] depth_valid=1 depth=32.258 vz=-0.309 az=-1.559 target_valid=1 target=30.000 pid=-9.695 pid_base=-26.445 buoyancy_pwm=83 mask_valid=1 mask=384 forward_active=0
[CTRL] depth_valid=1 depth=31.568 vz=-1.854 az=-2.293 target_valid=1 target=30.000 pid=50.203 pid_base=30.704 buoyancy_pwm=160 mask_valid=1 mask=0 forward_active=0
[CTRL] depth_valid=1 depth=30.358 vz=-2.921 az=-2.175 target_valid=1 target=30.000 pid=84.866 pid_base=68.366 buoyancy_pwm=226 mask_valid=1 mask=0 forward_active=0
$T,300,-28,-17,,,23,-834,-794,823,1204,4*49
[CTRL] depth_valid=1 depth=29.281 vz=-2.382 az=-0.697 target_valid=1 target=30.000 pid=44.252 pid_base=56.252 buoyancy_pwm=149 mask_valid=1 mask=0 forward_active=0
<- Minima: IDLE
[CTRL] depth_valid=1 depth=29.360 vz=-0.168 az=1.464 target_valid=1 target=30.000 pid=0.000 pid_base=0.000 buoyancy_pwm=0 mask_valid=1 mask=0 forward_active=0
[CTRL] depth_valid=1 depth=30.108 vz=1.752 az=2.441 target_valid=1 target=30.000 pid=0.000 pid_base=0.000 buoyancy_pwm=0 mask_valid=1 mask=0 forward_active=0
<-id=1 depth=31 vz=2.404 az=1.930 target_valid=1 target=30.000 pid=-80.000 pid_base=-80.000 buoyancy_pwm=217 mask_valid=1 mask=384 forward_active=0
$T,312,25,19,,,23,-737,-821,724,1203,4*4B
[CTRL] depth_valid=1 depth=32.013 vz=2.356 az=0.965 target_valid=1 target=30.000 pid=-80.000 pid_base=-80.000 buoyancy_pwm=217 mask_valid=1 mask=384 forward_active=0
[CTRL] depth_valid=1 depth=32.541 vz=1.356 az=-0.287 target_valid=1 target=30.000 pid=-80.000 pid_base=-80.000 buoyancy_pwm=217 mask_valid=1 mask=384 forward_active=0
EMERGENCY STOP: global pressure balance started (5s), commands locked.
[OK]s#70[ACK] s#70

<- Minima: FWD TURN BUOY 
[CTRL] depth_valid=1 depth=32.698 vz=0.237 az=-1.141 target_valid=0 target=0.000 pid=0.000 pid_base=0.000 buoyancy_pwm=0 mask_valid=1 mask=258 forward_active=0
[CTRL] depth_valid=1 depth=32.203 vz=-1.207 az=-1.857 target_valid=0 target=0.000 pid=0.000 pid_base=0.000 buoyancy_pwm=0 mask_valid=1 mask=132 forward_active=0
$T,321,-12,-17,,,25,-764,-801,759,1207,7*4E
[CTRL] depth_valid=1 depth=31.947 vz=-0.979 az=-0.852 target_valid=0 target=0.000 pid=0.000 pid_base=0.000 buoyancy_pwm=0 mask_valid=1 mask=258 forward_active=0
[CTRL] depth_valid=1 depth=32.106 vz=0.051 az=0.381 target_valid=0 target=0.000 pid=0.000 pid_base=0.000 buoyancy_pwm=0 mask_valid=1 mask=130 forward_active=0
[CTRL] depth_valid=1 depth=32.633 vz=1.057 az=1.031 target_valid=0 target=0.000 pid=0.000 pid_base=0.000 buoyancy_pwm=0 mask_valid=1 mask=260 forward_active=0
[CTRL] depth_valid=1 depth=32.886 vz=0.721 az=0.261 target_valid=0 target=0.000 pid=0.000 pid_base=0.000 buoyancy_pwm=0 mask_valid=1 mask=130 forward_active=0
$T,328,5,0,,,25,-657,-822,657,1207,7*48
[CTRL] depth_valid=1 depth=32.877 vz=0.107 az=-0.352 target_valid=0 target=0.000 pid=0.000 pid_base=0.000 buoyancy_pwm=0 mask_valid=1 mask=260 forward_active=0
[Cvz=0.412 az=0 target_valid=0 target=0.000 pid=0.000 pid_base=0.000 buoyancy_pwm=0 mask_valid=1 mask=130 forward_active=0
[CTRL] depth_valid=1 depth=33.870 vz=1.400 az=0.837 target_valid=0 target=0.000 pid=0.000 pid_base=0.000 buoyancy_pwm=0 mask_valid=1 mask=260 forward_active=0
[CTRL] depth_valid=1 depth=34.570 vz=1.516 az=0.510 target_valid=0 target=0.000 pid=0.000 pid_base=0.000 buoyancy_pwm=0 mask_valid=1 mask=130 forward_active=0
Global balance complete. System ready.
$T,346,13,3,,,,-542,-837,542,1200,7*70
[CTRL] depth_valid=1 depth=34.968 vz=0.919 az=-0.238 target_valid=0 target=0.000 pid=0.000 pid_base=0.000 buoyancy_pwm=0 mask_valid=1 mask=4 forward_active=0
<- Minima: IDLE
